// Jest Snapshot v1, https://goo.gl/fbAQLP

exports[`WorkedExample.vue renders the Worked Example and it looks the same 1`] = `
<div
  id="example"
>
  <h1>
    Worked Example
  </h1>
  <paragraph-stub
    text="In this worked example, assume that you have a portfolio consisting of
      only the four companies listed in the table below that are held in the
      given investment proportions."
  />
  <div
    class="table-container"
  >
    <table>
      <caption>
         Table 1: Portfolio Summary 
      </caption>
      <tbody>
        <tr>
          <th>
            Share
          </th>
          <th>
            Sector
          </th>
          <th>
            Proportion
          </th>
          <th>
            R²
          </th>
          <th>
            Beta
          </th>
          <th>
            Std Dev
          </th>
        </tr>
        <tr>
          <td>
            AGL
          </td>
          <td>
            Mining
          </td>
          <td>
            40%
          </td>
          <td>
            70.43%
          </td>
          <td>
            1.72
          </td>
          <td>
            38.02%
          </td>
        </tr>
        <tr>
          <td>
            WHL
          </td>
          <td>
            General Retailers
          </td>
          <td>
            10%
          </td>
          <td>
            20.84%
          </td>
          <td>
            0.67
          </td>
          <td>
            27.06%
          </td>
        </tr>
        <tr>
          <td>
            APN
          </td>
          <td>
            Pharmaceuticals
          </td>
          <td>
            20%
          </td>
          <td>
            7.07%
          </td>
          <td>
            0.44
          </td>
          <td>
            30.23%
          </td>
        </tr>
        <tr>
          <td>
            LBT
          </td>
          <td>
            Life Insurance
          </td>
          <td>
            30%
          </td>
          <td>
            7.75%
          </td>
          <td>
            0.29
          </td>
          <td>
            19.19%
          </td>
        </tr>
      </tbody>
    </table>
  </div>
  <paragraph-stub
    text="In this worked example, assume that you have a portfolio consisting of
      only the four companies listed in the table below that are held in the
      given investment proportions."
  />
  <h2>
    Calculate Portfolio Systematic Risk
  </h2>
  <paragraph-stub
    text="In this worked example, assume that you have a portfolio consisting of
      only the four companies listed in the table below that are held in the
      given investment proportions."
  />
  <p
    class="equation"
  >
     Portfolio Beta = (0.4 × 1.72) + (0.1 × 0.67) + (0.2 × 0.44) + (0.3 × 0.29) 
  </p>
  <p
    class="equation"
  >
    = 0.931
  </p>
  <paragraph-stub
    text="In this worked example, assume that you have a portfolio consisting of
      only the four companies listed in the table below that are held in the
      given investment proportions."
  />
  <p
    class="equation"
  >
    Systematic Risk = Portfolio Beta × Std. Dev. of J203
  </p>
  <p
    class="equation"
  >
    = 0.931 × 18.44%
  </p>
  <p
    class="equation"
  >
    = 17.17%
  </p>
  <h2>
    Calculate Portfolio Specific Risk
  </h2>
  <paragraph-stub
    text="In this worked example, assume that you have a portfolio consisting of
      only the four companies listed in the table below that are held in the
      given investment proportions."
  />
  <p
    class="equation"
  >
     (Total Risk)² = (Systematic Risk)² + (Specific Risk)² 
  </p>
  <paragraph-stub
    text="In this worked example, assume that you have a portfolio consisting of
      only the four companies listed in the table below that are held in the
      given investment proportions."
  />
  <paragraph-stub
    text="In this worked example, assume that you have a portfolio consisting of
      only the four companies listed in the table below that are held in the
      given investment proportions."
  />
  <p
    class="equation"
  >
     (Total Risk)² = R² × (Total Risk)² + (1 − R² ) × (Total Risk)² 
  </p>
  <paragraph-stub
    text="In this worked example, assume that you have a portfolio consisting of
      only the four companies listed in the table below that are held in the
      given investment proportions."
  />
  <p
    class="equation"
  >
     (Specific Risk)² = (1 − R² ) × (Total Risk)² 
  </p>
  <paragraph-stub
    text="In this worked example, assume that you have a portfolio consisting of
      only the four companies listed in the table below that are held in the
      given investment proportions."
  />
  <p
    class="equation"
  >
     (Systematic Risk)² = R² × (Total Risk)² 
  </p>
  <paragraph-stub
    text="In this worked example, assume that you have a portfolio consisting of
      only the four companies listed in the table below that are held in the
      given investment proportions."
  />
  <paragraph-stub
    text="In this worked example, assume that you have a portfolio consisting of
      only the four companies listed in the table below that are held in the
      given investment proportions."
  />
  <div
    class="table-container"
  >
    <table>
      <caption>
         Table 2: Individual Share Risk Decomposition 
      </caption>
      <tbody>
        <tr>
          <th>
            Share
          </th>
          <th>
            AGL
          </th>
          <th>
            WHL
          </th>
          <th>
            APN
          </th>
          <th>
            LBT
          </th>
        </tr>
        <tr>
          <td>
            R²
          </td>
          <td>
            70.43%
          </td>
          <td>
            20.84%
          </td>
          <td>
            7.07%
          </td>
          <td>
            7.75%
          </td>
        </tr>
        <tr>
          <td>
            1 - R²
          </td>
          <td>
            29.57%
          </td>
          <td>
            79.16%
          </td>
          <td>
            92.93%
          </td>
          <td>
            92.25%
          </td>
        </tr>
        <tr>
          <td>
            Total Risk
          </td>
          <td>
            38.02%
          </td>
          <td>
            27.06%
          </td>
          <td>
            30.23%
          </td>
          <td>
            19.19%
          </td>
        </tr>
        <tr>
          <td>
            Systematic Risk
          </td>
          <td>
            31.91%
          </td>
          <td>
            12.35%
          </td>
          <td>
            8.04%
          </td>
          <td>
            5.34%
          </td>
        </tr>
        <tr>
          <td>
            Specific Risk
          </td>
          <td>
            20.67%
          </td>
          <td>
            24.07%
          </td>
          <td>
            29.15%
          </td>
          <td>
            18.43%
          </td>
        </tr>
      </tbody>
    </table>
  </div>
  <paragraph-stub
    text="In this worked example, assume that you have a portfolio consisting of
      only the four companies listed in the table below that are held in the
      given investment proportions."
  />
  <paragraph-stub
    text="In this worked example, assume that you have a portfolio consisting of
      only the four companies listed in the table below that are held in the
      given investment proportions."
  />
  <p
    class="equation"
  >
     Portfolio Specific Risk = 
    <span>
      <span
        style="vertical-align: 16%;"
      >
        √
      </span>
      <span
        style="text-decoration: overline;"
      >
         (0.4 × 20.67%)² + (0.1 × 24.07%)² + (0.2 × 29.15%)² + (0.3 × 18.43%)² 
      </span>
    </span>
  </p>
  <p
    class="equation"
  >
    = 11.78%
  </p>
  <paragraph-stub
    text="In this worked example, assume that you have a portfolio consisting of
      only the four companies listed in the table below that are held in the
      given investment proportions."
  />
  <h2>
    Calculate Portfolio Total Risk
  </h2>
  <paragraph-stub
    text="In this worked example, assume that you have a portfolio consisting of
      only the four companies listed in the table below that are held in the
      given investment proportions."
  />
  <p
    class="equation"
  >
     (Total Risk)² = (Systematic Risk)² + (Specific Risk)² 
  </p>
  <paragraph-stub
    text="In this worked example, assume that you have a portfolio consisting of
      only the four companies listed in the table below that are held in the
      given investment proportions."
  />
  <p
    class="equation"
  >
     Portfolio’s Total Risk = 
    <span>
      <span
        style="vertical-align: 16%;"
      >
        √
      </span>
      <span
        style="text-decoration: overline;"
      >
         (17.17)² + (11.78)² 
      </span>
    </span>
  </p>
  <p
    class="equation"
  >
    = 20.82%
  </p>
  <paragraph-stub
    text="In this worked example, assume that you have a portfolio consisting of
      only the four companies listed in the table below that are held in the
      given investment proportions."
  />
  <p
    class="equation"
  >
     R² = (17.17)² /(Portfolio’s Total Risk)² 
  </p>
  <p
    class="equation"
  >
    = 68%
  </p>
  <paragraph-stub
    text="In this worked example, assume that you have a portfolio consisting of
      only the four companies listed in the table below that are held in the
      given investment proportions."
  />
  <p
    class="equation"
  >
    (1 − R² ) = 32%
  </p>
  <paragraph-stub
    text="In this worked example, assume that you have a portfolio consisting of
      only the four companies listed in the table below that are held in the
      given investment proportions."
  />
  <h2>
    Calculate Portfolio Abnormal Return
  </h2>
  <paragraph-stub
    text="In this worked example, assume that you have a portfolio consisting of
      only the four companies listed in the table below that are held in the
      given investment proportions."
  />
  <paragraph-stub
    text="In this worked example, assume that you have a portfolio consisting of
      only the four companies listed in the table below that are held in the
      given investment proportions."
  />
  <p
    class="equation"
  >
     Benchmark Return = Beta × Market Index Return + (1 − Beta) × Interest Rate 
  </p>
  <p
    class="equation"
  >
    = (0.93 × 25%) + (0.07 × 18%)
  </p>
  <p
    class="equation"
  >
    = 24.51%
  </p>
  <paragraph-stub
    text="In this worked example, assume that you have a portfolio consisting of
      only the four companies listed in the table below that are held in the
      given investment proportions."
  />
  <p
    class="equation"
  >
    Abnormal Return = Actual Return − Benchmark Return
  </p>
  <p
    class="equation"
  >
    = 30% − 24.51%
  </p>
  <p
    class="equation"
  >
    = 5.49%
  </p>
  <paragraph-stub
    text="In this worked example, assume that you have a portfolio consisting of
      only the four companies listed in the table below that are held in the
      given investment proportions."
  />
  <paragraph-stub
    text="In this worked example, assume that you have a portfolio consisting of
      only the four companies listed in the table below that are held in the
      given investment proportions."
  />
  <paragraph-stub
    text="In this worked example, assume that you have a portfolio consisting of
      only the four companies listed in the table below that are held in the
      given investment proportions."
  />
  <p
    class="equation"
  >
     Expected Return = Beta × Market Index Return + (1 − Beta) × Interest Rate 
  </p>
  <p
    class="equation"
  >
    = (0.93 × 17%) + (0.07 × 18%)
  </p>
  <p
    class="equation"
  >
    = 16.37%
  </p>
  <h2>
    Interpreting Portfolio Risk
  </h2>
  <paragraph-stub
    text="In this worked example, assume that you have a portfolio consisting of
      only the four companies listed in the table below that are held in the
      given investment proportions."
  />
  <paragraph-stub
    text="In this worked example, assume that you have a portfolio consisting of
      only the four companies listed in the table below that are held in the
      given investment proportions."
  />
  <paragraph-stub
    text="In this worked example, assume that you have a portfolio consisting of
      only the four companies listed in the table below that are held in the
      given investment proportions."
  />
</div>
`;
